============================= test session starts =============================
platform win32 -- Python 3.14.3, pytest-9.0.2, pluggy-1.6.0
rootdir: C:\Users\adhiy\.gemini\antigravity\scratch\traffic engine\backend
plugins: anyio-4.12.1, Faker-40.4.0
collected 21 items

tests\test_graph.py .....................                                [100%]

============================= 21 passed in 0.11s ==============================
